
> medtech-web@0.1.0 build
> next build

Γû▓ Next.js 16.2.3 (Turbopack)

  Creating an optimized production build ...
Γ£ô Compiled successfully in 18.9s
  Running TypeScript ...
  Finished TypeScript in 506ms ...
  Collecting page data using 5 workers ...
  Generating static pages using 5 workers (0/72) ...
  Generating static pages using 5 workers (18/72) 
  Generating static pages using 5 workers (36/72) 
  Generating static pages using 5 workers (54/72) 
Γ£ô Generating static pages using 5 workers (72/72) in 1545ms
  Finalizing page optimization ...

Route (app)
Γöî ╞Æ /
Γö£ ╞Æ /_not-found
Γö£ ╞Æ /about
Γö£ ╞Æ /about-us
Γö£ ╞Æ /api/locale
Γö£ ╞Æ /api/website-student/[...path]
Γö£ ╞Æ /blog
Γö£ ╞Æ /blog/[slug]
Γö£ ╞Æ /branches
Γö£ ╞Æ /business
Γö£ ╞Æ /business/about
Γö£ ╞Æ /business/ai-transformation
Γö£ ╞Æ /business/contact
Γö£ ╞Æ /business/how-we-do-it/analytics
Γö£ ╞Æ /business/how-we-do-it/customer-success
Γö£ ╞Æ /business/how-we-do-it/integrations
Γö£ ╞Æ /business/how-we-do-it/platform
Γö£ ╞Æ /business/pricing
Γö£ ╞Æ /business/request-demo
Γö£ ╞Æ /business/resources/case-studies
Γö£ ╞Æ /business/resources/events
Γö£ ╞Æ /business/resources/guides
Γö£ ╞Æ /business/solutions
Γö£ ╞Æ /business/what-we-do/certification-prep
Γö£ ╞Æ /business/what-we-do/cohort-learning
Γö£ ╞Æ /business/what-we-do/on-demand-learning
Γö£ ╞Æ /business/what-we-do/professional-services
Γö£ ╞Æ /college-training
Γö£ ╞Æ /contact
Γö£ ╞Æ /counseling
Γö£ ╞Æ /course/[slug]
Γö£ ╞Æ /courses
Γö£ ╞Æ /courses/[slug]
Γö£ ╞Æ /internship
Γö£ ╞Æ /join-as-mentor
Γö£ ╞Æ /login
Γö£ ╞Æ /my-courses
Γö£ ╞Æ /our-team
Γö£ ╞Æ /placements
Γöö ╞Æ /training


╞Æ  (Dynamic)  server-rendered on demand

